]0;~/Hees/R/first_project[?1034hjeongheeui-MacBook-Pro:first_project jeonghee$ [Kjeongheeui-MacBook-Pro:first_project jeonghee$ 
]0;~/Hees/R/first_projectjeongheeui-MacBook-Pro:first_project jeonghee$ ls
first_project.Rproj	iris.rds
]0;~/Hees/R/first_projectjeongheeui-MacBook-Pro:first_project jeonghee$ cd ..
]0;~/Hees/Rjeongheeui-MacBook-Pro:R jeonghee$ ls
first.R		first_project	test.R		vector.R
]0;~/Hees/Rjeongheeui-MacBook-Pro:R jeonghee$ git init
Initialized empty Git repository in /Users/jeonghee/Hees/R/.git/
]0;~/Hees/Rjeongheeui-MacBook-Pro:R jeonghee$ git add .
]0;~/Hees/Rjeongheeui-MacBook-Pro:R jeonghee$ git commit -m ""ã…‡"[2P"R" "r"h"d"q"n"[1P"[1P"[1P"[1P"[1P"ê³µ"ë¶€"Â "ì‹œ"ìž‘"Â "v"e"c"t"o"r" "r" [A[C[C[C[C[C[C[C[C[C[C[C[C[C[C[C[C[C[C[C[C[C[C[C[C[C[C[C[C[C[C[C[C[C[C[C[C[C[C[C[C[C[C[C[C[C[C[C[C[C[C[C[C[C[C[C[C[C[C[C[C[C[C[C[C[C[C[C[C[Ch""[A[C[C[C[C[C[C[C[C[C[C[C[C[C[C[C[C[C[C[C[C[C[C[C[C[C[C[C[C[C[C[C[C[C[C[C[C[C[C[C[C[C[C[C[C[C[C[C[C[C[C[C[C[C[C[C[C[C[C[C[C[C[C[C[C[C[C[C[C[C[C" [K[A[C[C[C[C[C[C[C[C[C[C[C[C[C[C[C[C[C[C[C[C[C[C[C[C[C[C[C[C[C[C[C[C[C[C[C[C[C[C[C[C[C[C[C[C[C[C[C[C[C[C[C[C[C[C[C[C[C[C[C[C[C[C[C[C[C[C[C[C[C[C[1P"
[K[A[C[C[C[C[C[C[C[C[C[C[C[C[C[C[C[C[C[C[C[C[C[C[C[C[C[C[C[C[C[C[C[C[C[C[C[C[C[C[C[C[C[C[C[C[C[C[C[C[C[C[C[C[C[C[C[C[C[C[C[C[C[C[C[C[C[C[C[C[C[1P"Â "ê³µ""ë¶€"Â "ì§„"ã…Ž"[2P"[2P"[1P"[2P"[A[C[C[C[C[C[C[C[C[C[C[C[C[C[C[C[C[C[C[C[C[C[C[C[C[C[C[C[C[C[C[C[C[C[C[C[C[C[C[C[C[C[C[C[C[C[C[C[C[C[C[C[C[C[C[C[C[C[C[C[C[C[C[C[C[C[C[C[C[C[1P"
[K[A[C[C[C[C[C[C[C[C[C[C[C[C[C[C[C[C[C[C[C[C[C[C[C[C[C[C[C[C[C[C[C[C[C[C[C[C[C[C[C[C[C[C[C[C[C[C[C[C[C[C[C[C[C[C[C[C[C[C[C[C[C[C[C[C[C[C[C[C[C[1P"[1P"[1P"[1P"[1P"[1P"[1P"ë°"Â "Â "ã…"ã„·" [A[C[C[C[C[C[C[C[C[C[C[C[C[C[C[C[C[C[C[C[C[C[C[C[C[C[C[C[C[C[C[C[C[C[C[C[C[C[C[C[C[C[C[C[C[C[C[C[C[C[C[C[C[C[C[C[C[C[C[C[C[C[C[C[C[C[C[C[C[C[2P"
[K[A[C[C[C[C[C[C[C[C[C[C[C[C[C[C[C[C[C[C[C[C[C[C[C[C[C[C[C[C[C[C[C[C[C[C[C[C[C[C[C[C[C[C[C[C[C[C[C[C[C[C[C[C[C[C[C[C[C[C[C[C[C[C[C[C[C[C[C[C[2P"[1P"v"e"c"t"o" [A[C[C[C[C[C[C[C[C[C[C[C[C[C[C[C[C[C[C[C[C[C[C[C[C[C[C[C[C[C[C[C[C[C[C[C[C[C[C[C[C[C[C[C[C[C[C[C[C[C[C[C[C[C[C[C[C[C[C[C[C[C[C[C[C[C[C[C[C[Cr""ã…‡"[2P"ã…‡"[2P"ê³µ"ë¶€"Â "[1P"
[master (root-commit) 39e2c74] R ê³µë¶€Â ì‹œìž‘Â ë°Â vectorê³µë¶€
 25 files changed, 321 insertions(+)
 create mode 100644 .Rhistory
 create mode 100644 first.R
 create mode 100644 first_project/.Rproj.user/414E37A4/console06/17154BFB
 create mode 100644 first_project/.Rproj.user/414E37A4/console06/17154BFB.env
 create mode 100644 first_project/.Rproj.user/414E37A4/console06/INDEX001
 create mode 100644 first_project/.Rproj.user/414E37A4/pcs/debug-breakpoints.pper
 create mode 100644 first_project/.Rproj.user/414E37A4/pcs/files-pane.pper
 create mode 100644 first_project/.Rproj.user/414E37A4/pcs/packages-pane.pper
 create mode 100644 first_project/.Rproj.user/414E37A4/pcs/source-pane.pper
 create mode 100644 first_project/.Rproj.user/414E37A4/pcs/windowlayoutstate.pper
 create mode 100644 first_project/.Rproj.user/414E37A4/pcs/workbench-pane.pper
 create mode 100644 first_project/.Rproj.user/414E37A4/persistent-state
 create mode 100644 first_project/.Rproj.user/414E37A4/rmd-outputs
 create mode 100644 first_project/.Rproj.user/414E37A4/saved_source_markers
 create mode 100644 first_project/.Rproj.user/414E37A4/sources/prop/4CF91764
 create mode 100644 first_project/.Rproj.user/414E37A4/sources/prop/INDEX
 create mode 100644 first_project/.Rproj.user/414E37A4/sources/s-6BCFD8C9/A3F18E17
 create mode 100644 first_project/.Rproj.user/414E37A4/sources/s-6BCFD8C9/A3F18E17-contents
 create mode 100644 first_project/.Rproj.user/414E37A4/sources/s-6BCFD8C9/lock_file
 create mode 100644 first_project/.Rproj.user/shared/notebooks/patch-chunk-names
 create mode 100644 first_project/.Rproj.user/shared/notebooks/paths
 create mode 100644 first_project/first_project.Rproj
 create mode 100644 first_project/iris.rds
 create mode 100644 test.R
 create mode 100644 vector.R
]0;~/Hees/Rjeongheeui-MacBook-Pro:R jeonghee$ git remote add origin https://github .com/Sung-hee/R-programming.git
]0;~/Hees/Rjeongheeui-MacBook-Pro:R jeonghee$ git push -u origin master
Counting objects: 35, done.
Delta compression using up to 4 threads.
Compressing objects:   3% (1/27)   Compressing objects:   7% (2/27)   Compressing objects:  11% (3/27)   Compressing objects:  14% (4/27)   Compressing objects:  18% (5/27)   Compressing objects:  22% (6/27)   Compressing objects:  25% (7/27)   Compressing objects:  29% (8/27)   Compressing objects:  33% (9/27)   Compressing objects:  37% (10/27)   Compressing objects:  40% (11/27)   Compressing objects:  44% (12/27)   Compressing objects:  48% (13/27)   Compressing objects:  51% (14/27)   Compressing objects:  55% (15/27)   Compressing objects:  59% (16/27)   Compressing objects:  62% (17/27)   Compressing objects:  66% (18/27)   Compressing objects:  70% (19/27)   Compressing objects:  74% (20/27)   Compressing objects:  77% (21/27)   Compressing objects:  81% (22/27)   Compressing objects:  85% (23/27)   Compressing objects:  88% (24/27)   Compressing objects:  92% (25/27)   Compressing objects:  96% (26/27)   Compressing objects: 100% (27/27)   Compressing objects: 100% (27/27), done.
Writing objects:   2% (1/35)   Writing objects:   5% (2/35)   Writing objects:   8% (3/35)   Writing objects:  11% (4/35)   Writing objects:  14% (5/35)   Writing objects:  17% (6/35)   Writing objects:  20% (7/35)   Writing objects:  22% (8/35)   Writing objects:  25% (9/35)   Writing objects:  28% (10/35)   Writing objects:  31% (11/35)   Writing objects:  34% (12/35)   Writing objects:  37% (13/35)   Writing objects:  40% (14/35)   Writing objects:  42% (15/35)   Writing objects:  45% (16/35)   Writing objects:  48% (17/35)   Writing objects:  51% (18/35)   Writing objects:  54% (19/35)   Writing objects:  57% (20/35)   Writing objects:  60% (21/35)   Writing objects:  62% (22/35)   Writing objects:  65% (23/35)   Writing objects:  68% (24/35)   Writing objects:  71% (25/35)   Writing objects:  74% (26/35)   Writing objects:  77% (27/35)   Writing objects:  80% (28/35)   Writing objects:  82% (29/35)   Writing objects:  85% (30/35)   Writing objects:  88% (31/35)   Writing objects:  91% (32/35)   Writing objects:  94% (33/35)   Writing objects:  97% (34/35)   Writing objects: 100% (35/35)   Writing objects: 100% (35/35), 6.46 KiB | 122.00 KiB/s, done.
Total 35 (delta 0), reused 0 (delta 0)
To https://github.com/Sung-hee/R-programming.git
 * [new branch]      master -> master
Branch 'master' set up to track remote branch 'master' from 'origin'.
]0;~/Hees/Rjeongheeui-MacBook-Pro:R jeonghee$ ã…Ž[Kgit add .
]0;~/Hees/Rjeongheeui-MacBook-Pro:R jeonghee$ git commit -m ""ã…"[2P"ë°"ì´"í„°"Â "ë‹¤"ë£¨"ê¸°"Â "[1P"
[master efaf78e] ë°ì´í„°Â ë‹¤ë£¨ê¸°
 4 files changed, 103 insertions(+), 7 deletions(-)
]0;~/Hees/Rjeongheeui-MacBook-Pro:R jeonghee$ git push origin master
Counting objects: 13, done.
Delta compression using up to 4 threads.
Compressing objects:   7% (1/13)   Compressing objects:  15% (2/13)   Compressing objects:  23% (3/13)   Compressing objects:  30% (4/13)   Compressing objects:  38% (5/13)   Compressing objects:  46% (6/13)   Compressing objects:  53% (7/13)   Compressing objects:  61% (8/13)   Compressing objects:  69% (9/13)   Compressing objects:  76% (10/13)   Compressing objects:  84% (11/13)   Compressing objects:  92% (12/13)   Compressing objects: 100% (13/13)   Compressing objects: 100% (13/13), done.
Writing objects:   7% (1/13)   Writing objects:  15% (2/13)   Writing objects:  23% (3/13)   Writing objects:  30% (4/13)   Writing objects:  38% (5/13)   Writing objects:  46% (6/13)   Writing objects:  53% (7/13)   Writing objects:  61% (8/13)   Writing objects:  69% (9/13)   Writing objects:  76% (10/13)   Writing objects:  84% (11/13)   Writing objects:  92% (12/13)   Writing objects: 100% (13/13)   Writing objects: 100% (13/13), 3.76 KiB | 3.76 MiB/s, done.
Total 13 (delta 3), reused 0 (delta 0)
remote: Resolving deltas:   0% (0/3)   [Kremote: Resolving deltas:  33% (1/3)   [Kremote: Resolving deltas:  66% (2/3)   [Kremote: Resolving deltas: 100% (3/3)   [Kremote: Resolving deltas: 100% (3/3), completed with 3 local objects.[K
To https://github.com/Sung-hee/R-programming.git
   39e2c74..efaf78e  master -> master
]0;~/Hees/Rjeongheeui-MacBook-Pro:R jeonghee$ [Kjeongheeui-MacBook-Pro:R jeonghee$ [Kjeongheeui-MacBook-Pro:R jeonghee$ ã„´[Kg[Kgit add .
]0;~/Hees/Rjeongheeui-MacBook-Pro:R jeonghee$ git commit -m ""ë‹¨"ì¼"Â "ì¢…"ë¥˜"ì˜"Â "ë°"ì´"í„°"Â "ë‹¤""ë£¨"ê¸°"
[master ca636a4] ë‹¨ì¼Â ì¢…ë¥˜ì˜Â ë°ì´í„°Â ë‹¤ë£¨ê¸°
 4 files changed, 54 insertions(+), 6 deletions(-)
]0;~/Hees/Rjeongheeui-MacBook-Pro:R jeonghee$ git push origin master
Counting objects: 13, done.
Delta compression using up to 4 threads.
Compressing objects:   7% (1/13)   Compressing objects:  15% (2/13)   Compressing objects:  23% (3/13)   Compressing objects:  30% (4/13)   Compressing objects:  38% (5/13)   Compressing objects:  46% (6/13)   Compressing objects:  53% (7/13)   Compressing objects:  61% (8/13)   Compressing objects:  69% (9/13)   Compressing objects:  76% (10/13)   Compressing objects:  84% (11/13)   Compressing objects:  92% (12/13)   Compressing objects: 100% (13/13)   Compressing objects: 100% (13/13), done.
Writing objects:   7% (1/13)   Writing objects:  15% (2/13)   Writing objects:  23% (3/13)   Writing objects:  30% (4/13)   Writing objects:  38% (5/13)   Writing objects:  46% (6/13)   Writing objects:  53% (7/13)   Writing objects:  61% (8/13)   Writing objects:  69% (9/13)   Writing objects:  76% (10/13)   Writing objects:  84% (11/13)   Writing objects:  92% (12/13)   Writing objects: 100% (13/13)   Writing objects: 100% (13/13), 2.25 KiB | 2.25 MiB/s, done.
Total 13 (delta 5), reused 0 (delta 0)
remote: Resolving deltas:   0% (0/5)   [Kremote: Resolving deltas:  20% (1/5)   [Kremote: Resolving deltas:  40% (2/5)   [Kremote: Resolving deltas:  60% (3/5)   [Kremote: Resolving deltas:  80% (4/5)   [Kremote: Resolving deltas: 100% (5/5)   [Kremote: Resolving deltas: 100% (5/5), completed with 5 local objects.[K
To https://github.com/Sung-hee/R-programming.git
   efaf78e..ca636a4  master -> master
]0;~/Hees/Rjeongheeui-MacBook-Pro:R jeonghee$ git add .